// Jest Snapshot v1, https://goo.gl/fbAQLP

exports[`testing rendering Header component 1`] = `[Function]`;
