// Jest Snapshot v1, https://goo.gl/fbAQLP

exports[`testing rendering Homepage component 1`] = `[Function]`;

exports[`testing rendering Profile component 1`] = `[Function]`;
